// WARNING: This file is machine generated by fidlc.

#include <lib/fidl/internal.h>


extern const struct FidlCodedStruct example_ByteAndBytesTable;


static const struct FidlCodedVector Vector4294967295nonnullable5uint8Table = {.tag=kFidlTypeVector, .element=(fidl_type_t*)(&fidl_internal_kUint8Table), .max_count=4294967295u, .element_size=1u, .nullable=kFidlNullability_Nonnullable};

static const struct FidlCodedVector Vector1024nonnullable5uint8Table = {.tag=kFidlTypeVector, .element=(fidl_type_t*)(&fidl_internal_kUint8Table), .max_count=1024u, .element_size=1u, .nullable=kFidlNullability_Nonnullable};

static const struct FidlCodedVector Vector1024nullable5uint8Table = {.tag=kFidlTypeVector, .element=(fidl_type_t*)(&fidl_internal_kUint8Table), .max_count=1024u, .element_size=1u, .nullable=kFidlNullability_Nullable};


static const struct FidlStructField Fields20example_ByteAndBytes[] = {
    /*FidlStructField*/{.type=NULL, .padding_offset=1u, .padding=7u},
    /*FidlStructField*/{.type=(fidl_type_t*)(&Vector4294967295nonnullable5uint8Table), .offset=8u, .padding=0u},
    /*FidlStructField*/{.type=(fidl_type_t*)(&Vector1024nonnullable5uint8Table), .offset=24u, .padding=0u},
    /*FidlStructField*/{.type=(fidl_type_t*)(&Vector1024nullable5uint8Table), .offset=40u, .padding=0u}
};
const struct FidlCodedStruct example_ByteAndBytesTable = {.tag=kFidlTypeStruct, .fields=Fields20example_ByteAndBytes, .field_count=4u, .size=56u, .name="example/ByteAndBytes"};

