// WARNING: This file is machine generated by fidlc.

#include <lib/fidl/internal.h>


extern const struct FidlCodedStruct fidl_test_encapsulatedstructs_NonInlineStructTestStructTable;
extern const struct FidlCodedStruct fidl_test_encapsulatedstructs_Int8Int32Table;
extern const struct FidlCodedStruct fidl_test_encapsulatedstructs_Int16Int8Table;
extern const struct FidlCodedStruct fidl_test_encapsulatedstructs_ArrayInt16Int8Table;
extern const struct FidlCodedStruct fidl_test_encapsulatedstructs_StructPaddingTestStructTable;
extern const struct FidlCodedStruct fidl_test_encapsulatedstructs_TopLevelStructTable;

static const struct FidlCodedStructPointer v1_Pointer39fidl_test_encapsulatedstructs_Int16Int8Table = {.tag=kFidlTypeStructPointer, .struct_type=&fidl_test_encapsulatedstructs_Int16Int8Table};

static const struct FidlCodedHandle HandlehandlenonnullableTable = {.tag=kFidlTypeHandle, .handle_subtype=ZX_OBJ_TYPE_NONE, .handle_rights=2147483648u, .nullable=kFidlNullability_Nonnullable};

static const struct FidlCodedArray Array12_39fidl_test_encapsulatedstructs_Int16Int8Table __attribute__((unused)) = {.tag=kFidlTypeArray, .element=(fidl_type_t*)(&fidl_test_encapsulatedstructs_Int16Int8Table), .array_size=12u, .element_size=4u};


static const struct FidlStructField Fields55fidl_test_encapsulatedstructs_NonInlineStructTestStruct[] = {
    /*FidlStructField*/{.type=(fidl_type_t*)(&v1_Pointer39fidl_test_encapsulatedstructs_Int16Int8Table), .offset=0u, .padding=0u},
    /*FidlStructField*/{.type=(fidl_type_t*)(&HandlehandlenonnullableTable), .offset=8u, .padding=4u}
};
const struct FidlCodedStruct fidl_test_encapsulatedstructs_NonInlineStructTestStructTable = {.tag=kFidlTypeStruct, .fields=Fields55fidl_test_encapsulatedstructs_NonInlineStructTestStruct, .field_count=2u, .size=16u, .name="fidl.test.encapsulatedstructs/NonInlineStructTestStruct"};

static const struct FidlStructField Fields39fidl_test_encapsulatedstructs_Int8Int32[] = {
    /*FidlStructField*/{.type=NULL, .padding_offset=1u, .padding=3u}
};
const struct FidlCodedStruct fidl_test_encapsulatedstructs_Int8Int32Table = {.tag=kFidlTypeStruct, .fields=Fields39fidl_test_encapsulatedstructs_Int8Int32, .field_count=1u, .size=8u, .name="fidl.test.encapsulatedstructs/Int8Int32"};

static const struct FidlStructField Fields39fidl_test_encapsulatedstructs_Int16Int8[] = {
    /*FidlStructField*/{.type=NULL, .padding_offset=3u, .padding=1u}
};
const struct FidlCodedStruct fidl_test_encapsulatedstructs_Int16Int8Table = {.tag=kFidlTypeStruct, .fields=Fields39fidl_test_encapsulatedstructs_Int16Int8, .field_count=1u, .size=4u, .name="fidl.test.encapsulatedstructs/Int16Int8"};

static const struct FidlStructField Fields44fidl_test_encapsulatedstructs_ArrayInt16Int8[] = {
    /*FidlStructField*/{.type=(fidl_type_t*)(&Array12_39fidl_test_encapsulatedstructs_Int16Int8Table), .offset=0u, .padding=0u}
};
const struct FidlCodedStruct fidl_test_encapsulatedstructs_ArrayInt16Int8Table = {.tag=kFidlTypeStruct, .fields=Fields44fidl_test_encapsulatedstructs_ArrayInt16Int8, .field_count=1u, .size=12u, .name="fidl.test.encapsulatedstructs/ArrayInt16Int8"};

static const struct FidlStructField Fields53fidl_test_encapsulatedstructs_StructPaddingTestStruct[] = {
    /*FidlStructField*/{.type=NULL, .padding_offset=3u, .padding=1u},
    /*FidlStructField*/{.type=NULL, .padding_offset=5u, .padding=3u},
    /*FidlStructField*/{.type=(fidl_type_t*)(&Array12_39fidl_test_encapsulatedstructs_Int16Int8Table), .offset=12u, .padding=0u}
};
const struct FidlCodedStruct fidl_test_encapsulatedstructs_StructPaddingTestStructTable = {.tag=kFidlTypeStruct, .fields=Fields53fidl_test_encapsulatedstructs_StructPaddingTestStruct, .field_count=3u, .size=24u, .name="fidl.test.encapsulatedstructs/StructPaddingTestStruct"};

static const struct FidlStructField Fields44fidl_test_encapsulatedstructs_TopLevelStruct[] = {
    /*FidlStructField*/{.type=NULL, .padding_offset=3u, .padding=1u},
    /*FidlStructField*/{.type=NULL, .padding_offset=5u, .padding=3u},
    /*FidlStructField*/{.type=(fidl_type_t*)(&Array12_39fidl_test_encapsulatedstructs_Int16Int8Table), .offset=12u, .padding=0u},
    /*FidlStructField*/{.type=(fidl_type_t*)(&v1_Pointer39fidl_test_encapsulatedstructs_Int16Int8Table), .offset=24u, .padding=0u},
    /*FidlStructField*/{.type=(fidl_type_t*)(&HandlehandlenonnullableTable), .offset=32u, .padding=4u}
};
const struct FidlCodedStruct fidl_test_encapsulatedstructs_TopLevelStructTable = {.tag=kFidlTypeStruct, .fields=Fields44fidl_test_encapsulatedstructs_TopLevelStruct, .field_count=5u, .size=40u, .name="fidl.test.encapsulatedstructs/TopLevelStruct"};

