// WARNING: This file is machine generated by fidlc.

#include <lib/fidl/internal.h>


extern const struct FidlCodedEnum test_name_MyStrictEnumTable;



static bool EnumValidatorFor_test_name_MyStrictEnum(uint64_t v) { return (v == 1ul) || (v == 2ul) || false; }
const struct FidlCodedEnum test_name_MyStrictEnumTable = {.tag=kFidlTypeEnum, .underlying_type=kFidlCodedPrimitiveSubtype_Uint32, .validate=&EnumValidatorFor_test_name_MyStrictEnum, .name="test.name/MyStrictEnum"};

