// WARNING: This file is machine generated by fidlc.

#include <lib/fidl/internal.h>


extern const struct FidlCodedStruct escapeme_DocCommentWithQuotesTable;



const struct FidlCodedStruct escapeme_DocCommentWithQuotesTable = {.tag=kFidlTypeStruct, .fields=NULL, .field_count=0u, .size=1u, .name="escapeme/DocCommentWithQuotes"};

