// WARNING: This file is machine generated by fidlc.

#include <lib/fidl/internal.h>




static const struct FidlCodedString String4294967295nonnullableTable = {.tag=kFidlTypeString, .max_size=4294967295u, .nullable=kFidlNullability_Nonnullable};

extern const struct FidlCodedStruct fidl_test_json_superfooRequestTable;
static const struct FidlStructField Fields30fidl_test_json_superfooRequest[] = {
    /*FidlStructField*/{.type=(fidl_type_t*)(&String4294967295nonnullableTable), .offset=16u, .padding=0u}
};
const struct FidlCodedStruct fidl_test_json_superfooRequestTable = {.tag=kFidlTypeStruct, .fields=Fields30fidl_test_json_superfooRequest, .field_count=1u, .size=32u, .name="fidl.test.json/superfooRequest"};

extern const struct FidlCodedStruct fidl_test_json_superfooResponseTable;
const struct FidlCodedStruct fidl_test_json_superfooResponseTable = {.tag=kFidlTypeStruct, .fields=NULL, .field_count=0u, .size=24u, .name="fidl.test.json/superfooResponse"};

extern const struct FidlCodedStruct fidl_test_json_subfooRequestTable;
static const struct FidlStructField Fields28fidl_test_json_subfooRequest[] = {
    /*FidlStructField*/{.type=(fidl_type_t*)(&String4294967295nonnullableTable), .offset=16u, .padding=0u}
};
const struct FidlCodedStruct fidl_test_json_subfooRequestTable = {.tag=kFidlTypeStruct, .fields=Fields28fidl_test_json_subfooRequest, .field_count=1u, .size=32u, .name="fidl.test.json/subfooRequest"};

extern const struct FidlCodedStruct fidl_test_json_subfooResponseTable;
const struct FidlCodedStruct fidl_test_json_subfooResponseTable = {.tag=kFidlTypeStruct, .fields=NULL, .field_count=0u, .size=24u, .name="fidl.test.json/subfooResponse"};


