bindings_denylist.test.json.golden
bits.test.json.golden
byte_and_bytes.test.json.golden
constants.test.json.golden
consts.test.json.golden
doc_comments.test.json.golden
empty_struct.test.json.golden
encapsulated_structs.test.json.golden
enum.test.json.golden
error.test.json.golden
escaping.test.json.golden
foreign_type_in_response_used_through_compose.test.json.golden
handles_in_types.test.json.golden
handles.test.json.golden
inheritance.test.json.golden
inheritance_with_recursive_decl.test.json.golden
nullable.test.json.golden
placement_of_attributes.test.json.golden
protocol_request.test.json.golden
protocols.test.json.golden
request_flexible_envelope.test.json.golden
service.test.json.golden
struct_default_value_enum_library_reference.test.json.golden
struct.test.json.golden
table.test.json.golden
transitive_dependencies_compose.test.json.golden
transitive_dependencies.test.json.golden
type_aliases.test.json.golden
union_sandwich.test.json.golden
union.test.json.golden
