// WARNING: This file is machine generated by fidlc.

#include <lib/fidl/internal.h>




extern const struct FidlCodedStruct test_name_SecondProtocolMethodOnSecondRequestTable;
const struct FidlCodedStruct test_name_SecondProtocolMethodOnSecondRequestTable = {.tag=kFidlTypeStruct, .fields=NULL, .field_count=0u, .size=16u, .name="test.name/SecondProtocolMethodOnSecondRequest"};

extern const struct FidlCodedStruct test_name_FirstProtocolMethodOnFirstRequestTable;
const struct FidlCodedStruct test_name_FirstProtocolMethodOnFirstRequestTable = {.tag=kFidlTypeStruct, .fields=NULL, .field_count=0u, .size=16u, .name="test.name/FirstProtocolMethodOnFirstRequest"};


