// WARNING: This file is machine generated by fidlc.

#include <lib/fidl/internal.h>


extern const struct FidlCodedStruct bottom_FooTable;
extern const struct FidlCodedStruct middle_BarTable;
extern const struct FidlCodedStruct top_BazTable;



const struct FidlCodedStruct top_BazTable = {.tag=kFidlTypeStruct, .fields=NULL, .field_count=0u, .size=4u, .name="top/Baz"};

