{
  "version": "0.0.1",
  "name": "top",
  "library_dependencies": [
    {
      "name": "middle",
      "declarations": {
        "middle/Bar": "struct"
      }
    }
  ],
  "bits_declarations": [],
  "const_declarations": [],
  "enum_declarations": [],
  "experimental_resource_declarations": [],
  "interface_declarations": [],
  "service_declarations": [],
  "struct_declarations": [
    {
      "name": "top/Baz",
      "location": {
        "filename": "top.test.fidl",
        "line": 5,
        "column": 8,
        "length": 3
      },
      "anonymous": false,
      "members": [
        {
          "type": {
            "kind": "identifier",
            "identifier": "middle/Bar",
            "nullable": false
          },
          "name": "g",
          "location": {
            "filename": "top.test.fidl",
            "line": 6,
            "column": 16,
            "length": 1
          },
          "field_shape_v1": {
            "offset": 0,
            "padding": 0
          }
        }
      ],
      "type_shape_v1": {
        "inline_size": 4,
        "alignment": 4,
        "depth": 0,
        "max_handles": 0,
        "max_out_of_line": 0,
        "has_padding": false,
        "has_flexible_envelope": false,
        "is_resource": false
      }
    }
  ],
  "table_declarations": [],
  "union_declarations": [],
  "type_alias_declarations": [],
  "declaration_order": [
    "top/Baz"
  ],
  "declarations": {
    "top/Baz": "struct"
  }
}
